---
source: src/main.rs
expression: "rng1.random::<u32>()"
---
430144855
